[shreethemes.in/techwind/dashboard/index.html]
[backblue.gif]
[fade.gif]
[index.html]
[shreethemes.in/techwind/dashboard/assets/images/favicon.ico]
[shreethemes.in/techwind/dashboard/assets/libs/jsvectormap/css/jsvectormap.min.css]
[shreethemes.in/techwind/dashboard/assets/libs/simplebar/simplebar.min.css]
[shreethemes.in/techwind/dashboard/assets/libs/@iconscout/unicons/css/line.css]
[shreethemes.in/techwind/dashboard/assets/libs/@mdi/font/css/materialdesignicons.min.css]
[shreethemes.in/techwind/dashboard/assets/css/tailwind.min.css]
[shreethemes.in/techwind/dashboard/assets/images/logo-light.png]
[shreethemes.in/techwind/dashboard/index-dark.html]
[shreethemes.in/techwind/dashboard/index-rtl.html]
[shreethemes.in/techwind/dashboard/index-sidebar-light.html]
[shreethemes.in/techwind/dashboard/index-dark-rtl.html]
[shreethemes.in/techwind/dashboard/index-sidebar-colored.html]
[shreethemes.in/techwind/dashboard/chat.html]
[shreethemes.in/techwind/dashboard/email.html]
[shreethemes.in/techwind/dashboard/calendar.html]
[shreethemes.in/techwind/dashboard/profile.html]
[shreethemes.in/techwind/dashboard/profile-billing.html]
[shreethemes.in/techwind/dashboard/profile-payment.html]
[shreethemes.in/techwind/dashboard/profile-social.html]
[shreethemes.in/techwind/dashboard/profile-setting.html]
[shreethemes.in/techwind/dashboard/profile-notification.html]
[shreethemes.in/techwind/dashboard/blog.html]
[shreethemes.in/techwind/dashboard/blog-detail.html]
[shreethemes.in/techwind/dashboard/shop.html]
[shreethemes.in/techwind/dashboard/shop-item-detail.html]
[shreethemes.in/techwind/dashboard/shop-cart.html]
[shreethemes.in/techwind/dashboard/checkout.html]
[shreethemes.in/techwind/dashboard/gallery-one.html]
[shreethemes.in/techwind/dashboard/gallery-two.html]
[shreethemes.in/techwind/dashboard/starter.html]
[shreethemes.in/techwind/dashboard/faqs.html]
[shreethemes.in/techwind/dashboard/pricing.html]
[shreethemes.in/techwind/dashboard/team.html]
[shreethemes.in/techwind/dashboard/privacy.html]
[shreethemes.in/techwind/dashboard/terms.html]
[shreethemes.in/techwind/dashboard/ui-components.html]
[shreethemes.in/techwind/dashboard/email-confirmation.html]
[shreethemes.in/techwind/dashboard/email-password-reset.html]
[shreethemes.in/techwind/dashboard/email-alert.html]
[shreethemes.in/techwind/dashboard/email-invoices.html]
[shreethemes.in/techwind/dashboard/invoice-list.html]
[shreethemes.in/techwind/dashboard/invoice.html]
[shreethemes.in/techwind/dashboard/auth-login.html]
[shreethemes.in/techwind/dashboard/auth-signup.html]
[shreethemes.in/techwind/dashboard/auth-signup-success.html]
[shreethemes.in/techwind/dashboard/auth-re-password.html]
[shreethemes.in/techwind/dashboard/auth-lock-screen.html]
[shreethemes.in/techwind/dashboard/comingsoon.html]
[shreethemes.in/techwind/dashboard/maintenance.html]
[shreethemes.in/techwind/dashboard/error.html]
[shreethemes.in/techwind/dashboard/thankyou.html]
[shreethemes.in/techwind/dashboard/assets/images/shree-276.png]
[shreethemes.in/techwind/dashboard/assets/images/logo-icon-32.png]
[shreethemes.in/techwind/dashboard/assets/images/logo-dark.png]
[shreethemes.in/techwind/dashboard/assets/images/flags/usa.png]
[shreethemes.in/techwind/dashboard/assets/images/flags/germany.png]
[shreethemes.in/techwind/dashboard/assets/images/flags/italy.png]
[shreethemes.in/techwind/dashboard/assets/images/flags/russia.png]
[shreethemes.in/techwind/dashboard/assets/images/flags/spain.png]
[shreethemes.in/techwind/dashboard/assets/images/shop/items/s1.jpg]
[shreethemes.in/techwind/dashboard/assets/images/shop/items/s2.jpg]
[shreethemes.in/techwind/dashboard/assets/images/shop/items/s3.jpg]
[shreethemes.in/techwind/dashboard/assets/images/client/04.jpg]
[shreethemes.in/techwind/dashboard/assets/images/client/05.jpg]
[shreethemes.in/techwind/dashboard/assets/images/client/01.jpg]
[shreethemes.in/techwind/dashboard/assets/js/apexchart.init.js]
[shreethemes.in/techwind/dashboard/assets/libs/jsvectormap/js/jsvectormap.min.js]
[shreethemes.in/techwind/dashboard/assets/libs/apexcharts/apexcharts.min.js]
[shreethemes.in/techwind/dashboard/assets/libs/jsvectormap/maps/world.js]
[shreethemes.in/techwind/dashboard/assets/js/jsvectormap.init.js]
[shreethemes.in/techwind/dashboard/assets/libs/feather-icons/feather.min.js]
[shreethemes.in/techwind/dashboard/assets/libs/simplebar/simplebar.min.js]
[shreethemes.in/techwind/dashboard/assets/js/plugins.init.js]
[shreethemes.in/techwind/dashboard/assets/js/app.js]
[shreethemes.in/techwind/dashboard/index.html]
[shreethemes.in/techwind/dashboard/assets/libs/jsvectormap/css/jsvectormap.min.css]
[shreethemes.in/techwind/dashboard/assets/libs/simplebar/simplebar.min.css]
[shreethemes.in/techwind/dashboard/assets/libs/@iconscout/unicons/fonts/line/unicons-0.eot]
[shreethemes.in/techwind/dashboard/assets/libs/@iconscout/unicons/fonts/line/unicons-0.woff2]
[shreethemes.in/techwind/dashboard/assets/libs/@iconscout/unicons/fonts/line/unicons-0.woff]
[shreethemes.in/techwind/dashboard/assets/libs/@iconscout/unicons/fonts/line/unicons-0.ttf]
[shreethemes.in/techwind/dashboard/assets/libs/@iconscout/unicons/fonts/line/unicons-1.eot]
[shreethemes.in/techwind/dashboard/assets/libs/@iconscout/unicons/fonts/line/unicons-1.woff2]
[shreethemes.in/techwind/dashboard/assets/libs/@iconscout/unicons/fonts/line/unicons-1.woff]
[shreethemes.in/techwind/dashboard/assets/libs/@iconscout/unicons/fonts/line/unicons-1.ttf]
[shreethemes.in/techwind/dashboard/assets/libs/@iconscout/unicons/fonts/line/unicons-10.eot]
[shreethemes.in/techwind/dashboard/assets/libs/@iconscout/unicons/fonts/line/unicons-10.woff2]
[shreethemes.in/techwind/dashboard/assets/libs/@iconscout/unicons/fonts/line/unicons-10.woff]
[shreethemes.in/techwind/dashboard/assets/libs/@iconscout/unicons/fonts/line/unicons-10.ttf]
[shreethemes.in/techwind/dashboard/assets/libs/@iconscout/unicons/fonts/line/unicons-11.eot]
[shreethemes.in/techwind/dashboard/assets/libs/@iconscout/unicons/fonts/line/unicons-11.woff2]
[shreethemes.in/techwind/dashboard/assets/libs/@iconscout/unicons/fonts/line/unicons-11.woff]
[shreethemes.in/techwind/dashboard/assets/libs/@iconscout/unicons/fonts/line/unicons-11.ttf]
[shreethemes.in/techwind/dashboard/assets/libs/@iconscout/unicons/fonts/line/unicons-12.eot]
[shreethemes.in/techwind/dashboard/assets/libs/@iconscout/unicons/fonts/line/unicons-12.woff2]
[shreethemes.in/techwind/dashboard/assets/libs/@iconscout/unicons/fonts/line/unicons-12.woff]
[shreethemes.in/techwind/dashboard/assets/libs/@iconscout/unicons/fonts/line/unicons-12.ttf]
[shreethemes.in/techwind/dashboard/assets/libs/@iconscout/unicons/fonts/line/unicons-13.eot]
[shreethemes.in/techwind/dashboard/assets/libs/@iconscout/unicons/fonts/line/unicons-13.woff2]
[shreethemes.in/techwind/dashboard/assets/libs/@iconscout/unicons/fonts/line/unicons-13.woff]
[shreethemes.in/techwind/dashboard/assets/libs/@iconscout/unicons/fonts/line/unicons-13.ttf]
[shreethemes.in/techwind/dashboard/assets/libs/@iconscout/unicons/fonts/line/unicons-14.eot]
[shreethemes.in/techwind/dashboard/assets/libs/@iconscout/unicons/fonts/line/unicons-14.woff2]
[shreethemes.in/techwind/dashboard/assets/libs/@iconscout/unicons/fonts/line/unicons-14.woff]
[shreethemes.in/techwind/dashboard/assets/libs/@iconscout/unicons/fonts/line/unicons-14.ttf]
[shreethemes.in/techwind/dashboard/assets/libs/@iconscout/unicons/fonts/line/unicons-15.eot]
[shreethemes.in/techwind/dashboard/assets/libs/@iconscout/unicons/fonts/line/unicons-15.woff2]
[shreethemes.in/techwind/dashboard/assets/libs/@iconscout/unicons/fonts/line/unicons-15.woff]
[shreethemes.in/techwind/dashboard/assets/libs/@iconscout/unicons/fonts/line/unicons-15.ttf]
[shreethemes.in/techwind/dashboard/assets/libs/@iconscout/unicons/fonts/line/unicons-16.eot]
[shreethemes.in/techwind/dashboard/assets/libs/@iconscout/unicons/fonts/line/unicons-16.woff2]
[shreethemes.in/techwind/dashboard/assets/libs/@iconscout/unicons/fonts/line/unicons-16.woff]
[shreethemes.in/techwind/dashboard/assets/libs/@iconscout/unicons/fonts/line/unicons-16.ttf]
[shreethemes.in/techwind/dashboard/assets/libs/@iconscout/unicons/fonts/line/unicons-17.eot]
[shreethemes.in/techwind/dashboard/assets/libs/@iconscout/unicons/fonts/line/unicons-17.woff2]
[shreethemes.in/techwind/dashboard/assets/libs/@iconscout/unicons/fonts/line/unicons-17.woff]
[shreethemes.in/techwind/dashboard/assets/libs/@iconscout/unicons/fonts/line/unicons-17.ttf]
[shreethemes.in/techwind/dashboard/assets/libs/@iconscout/unicons/fonts/line/unicons-18.eot]
[shreethemes.in/techwind/dashboard/assets/libs/@iconscout/unicons/fonts/line/unicons-18.woff2]
[shreethemes.in/techwind/dashboard/assets/libs/@iconscout/unicons/fonts/line/unicons-18.woff]
[shreethemes.in/techwind/dashboard/assets/libs/@iconscout/unicons/fonts/line/unicons-18.ttf]
[shreethemes.in/techwind/dashboard/assets/libs/@iconscout/unicons/fonts/line/unicons-19.eot]
[shreethemes.in/techwind/dashboard/assets/libs/@iconscout/unicons/fonts/line/unicons-19.woff2]
[shreethemes.in/techwind/dashboard/assets/libs/@iconscout/unicons/fonts/line/unicons-19.woff]
[shreethemes.in/techwind/dashboard/assets/libs/@iconscout/unicons/fonts/line/unicons-19.ttf]
[shreethemes.in/techwind/dashboard/assets/libs/@iconscout/unicons/fonts/line/unicons-2.eot]
[shreethemes.in/techwind/dashboard/assets/libs/@iconscout/unicons/fonts/line/unicons-2.woff2]
[shreethemes.in/techwind/dashboard/assets/libs/@iconscout/unicons/fonts/line/unicons-2.woff]
[shreethemes.in/techwind/dashboard/assets/libs/@iconscout/unicons/fonts/line/unicons-2.ttf]
[shreethemes.in/techwind/dashboard/assets/libs/@iconscout/unicons/fonts/line/unicons-20.eot]
[shreethemes.in/techwind/dashboard/assets/libs/@iconscout/unicons/fonts/line/unicons-20.woff2]
[shreethemes.in/techwind/dashboard/assets/libs/@iconscout/unicons/fonts/line/unicons-20.woff]
[shreethemes.in/techwind/dashboard/assets/libs/@iconscout/unicons/fonts/line/unicons-20.ttf]
[shreethemes.in/techwind/dashboard/assets/libs/@iconscout/unicons/fonts/line/unicons-3.eot]
[shreethemes.in/techwind/dashboard/assets/libs/@iconscout/unicons/fonts/line/unicons-3.woff2]
[shreethemes.in/techwind/dashboard/assets/libs/@iconscout/unicons/fonts/line/unicons-3.woff]
[shreethemes.in/techwind/dashboard/assets/libs/@iconscout/unicons/fonts/line/unicons-3.ttf]
[shreethemes.in/techwind/dashboard/assets/libs/@iconscout/unicons/fonts/line/unicons-4.eot]
[shreethemes.in/techwind/dashboard/assets/libs/@iconscout/unicons/fonts/line/unicons-4.woff2]
[shreethemes.in/techwind/dashboard/assets/libs/@iconscout/unicons/fonts/line/unicons-4.woff]
[shreethemes.in/techwind/dashboard/assets/libs/@iconscout/unicons/fonts/line/unicons-4.ttf]
[shreethemes.in/techwind/dashboard/assets/libs/@iconscout/unicons/fonts/line/unicons-5.eot]
[shreethemes.in/techwind/dashboard/assets/libs/@iconscout/unicons/fonts/line/unicons-5.woff2]
[shreethemes.in/techwind/dashboard/assets/libs/@iconscout/unicons/fonts/line/unicons-5.woff]
[shreethemes.in/techwind/dashboard/assets/libs/@iconscout/unicons/fonts/line/unicons-5.ttf]
[shreethemes.in/techwind/dashboard/assets/libs/@iconscout/unicons/fonts/line/unicons-6.eot]
[shreethemes.in/techwind/dashboard/assets/libs/@iconscout/unicons/fonts/line/unicons-6.woff2]
[shreethemes.in/techwind/dashboard/assets/libs/@iconscout/unicons/fonts/line/unicons-6.woff]
[shreethemes.in/techwind/dashboard/assets/libs/@iconscout/unicons/fonts/line/unicons-6.ttf]
[shreethemes.in/techwind/dashboard/assets/libs/@iconscout/unicons/fonts/line/unicons-7.eot]
[shreethemes.in/techwind/dashboard/assets/libs/@iconscout/unicons/fonts/line/unicons-7.woff2]
[shreethemes.in/techwind/dashboard/assets/libs/@iconscout/unicons/fonts/line/unicons-7.woff]
[shreethemes.in/techwind/dashboard/assets/libs/@iconscout/unicons/fonts/line/unicons-7.ttf]
[shreethemes.in/techwind/dashboard/assets/libs/@iconscout/unicons/fonts/line/unicons-8.eot]
[shreethemes.in/techwind/dashboard/assets/libs/@iconscout/unicons/fonts/line/unicons-8.woff2]
[shreethemes.in/techwind/dashboard/assets/libs/@iconscout/unicons/fonts/line/unicons-8.woff]
[shreethemes.in/techwind/dashboard/assets/libs/@iconscout/unicons/fonts/line/unicons-8.ttf]
[shreethemes.in/techwind/dashboard/assets/libs/@iconscout/unicons/fonts/line/unicons-9.eot]
[shreethemes.in/techwind/dashboard/assets/libs/@iconscout/unicons/fonts/line/unicons-9.woff2]
[shreethemes.in/techwind/dashboard/assets/libs/@iconscout/unicons/fonts/line/unicons-9.woff]
[shreethemes.in/techwind/dashboard/assets/libs/@iconscout/unicons/fonts/line/unicons-9.ttf]
[shreethemes.in/techwind/dashboard/assets/libs/@iconscout/unicons/css/line.css]
[shreethemes.in/techwind/dashboard/assets/libs/@mdi/font/fonts/materialdesignicons-webfont9445.eot]
[shreethemes.in/techwind/dashboard/assets/libs/@mdi/font/fonts/materialdesignicons-webfontd41d.eot]
[shreethemes.in/techwind/dashboard/assets/libs/@mdi/font/fonts/materialdesignicons-webfont9445.woff2]
[shreethemes.in/techwind/dashboard/assets/libs/@mdi/font/fonts/materialdesignicons-webfont9445.woff]
[shreethemes.in/techwind/dashboard/assets/libs/@mdi/font/fonts/materialdesignicons-webfont9445.ttf]
[shreethemes.in/techwind/dashboard/assets/libs/@mdi/font/css/materialdesignicons.min.css]
[shreethemes.in/techwind/dashboard/assets/css/tailwind.min.css]
[shreethemes.in/techwind/dashboard/index-dark.html]
[shreethemes.in/techwind/dashboard/index-rtl.html]
[shreethemes.in/techwind/dashboard/index-dark-rtl.html]
[shreethemes.in/techwind/dashboard/index-sidebar-light.html]
[shreethemes.in/techwind/dashboard/index-sidebar-colored.html]
[shreethemes.in/techwind/dashboard/assets/images/client/09.jpg]
[shreethemes.in/techwind/dashboard/assets/images/client/03.jpg]
[shreethemes.in/techwind/dashboard/assets/images/client/11.jpg]
[shreethemes.in/techwind/dashboard/assets/images/client/12.jpg]
[shreethemes.in/techwind/dashboard/assets/images/client/07.jpg]
[shreethemes.in/techwind/dashboard/assets/images/client/13.jpg]
[shreethemes.in/techwind/dashboard/assets/images/client/06.jpg]
[shreethemes.in/techwind/dashboard/assets/images/client/10.jpg]
[shreethemes.in/techwind/dashboard/assets/images/client/08.jpg]
[shreethemes.in/techwind/dashboard/chat.html]
[shreethemes.in/techwind/dashboard/email.html]
[shreethemes.in/techwind/dashboard/assets/libs/fullcalendar/main.min.css]
[shreethemes.in/techwind/dashboard/assets/libs/@ckeditor/ckeditor5-build-classic/build/ckeditor.js]
[shreethemes.in/techwind/dashboard/assets/libs/fullcalendar/main.min.js]
[shreethemes.in/techwind/dashboard/assets/libs/fullcalendar/locales-all.min.js]
[shreethemes.in/techwind/dashboard/assets/js/fullcalendar.init.js]
[shreethemes.in/techwind/dashboard/calendar.html]
[shreethemes.in/techwind/dashboard/assets/libs/tobii/css/tobii.min.css]
[shreethemes.in/techwind/dashboard/assets/images/blog/bg.jpg]
[shreethemes.in/techwind/dashboard/assets/images/client/circle-logo.png]
[shreethemes.in/techwind/dashboard/assets/images/client/facebook-logo-2019.png]
[shreethemes.in/techwind/dashboard/assets/images/client/spotify.png]
[shreethemes.in/techwind/dashboard/assets/images/portfolio/1.jpg]
[shreethemes.in/techwind/dashboard/assets/images/portfolio/2.jpg]
[shreethemes.in/techwind/dashboard/assets/images/portfolio/3.jpg]
[shreethemes.in/techwind/dashboard/assets/images/portfolio/4.jpg]
[shreethemes.in/techwind/dashboard/assets/images/portfolio/5.jpg]
[shreethemes.in/techwind/dashboard/assets/images/portfolio/6.jpg]
[shreethemes.in/techwind/dashboard/profile.html]
[shreethemes.in/techwind/dashboard/assets/libs/tobii/js/tobii.min.js]
[shreethemes.in/techwind/dashboard/profile-billing.html]
[shreethemes.in/techwind/dashboard/assets/images/payments/visa.png]
[shreethemes.in/techwind/dashboard/assets/images/payments/american-ex.png]
[shreethemes.in/techwind/dashboard/assets/images/payments/discover.png]
[shreethemes.in/techwind/dashboard/assets/images/payments/master-card.png]
[shreethemes.in/techwind/dashboard/profile-payment.html]
[shreethemes.in/techwind/dashboard/profile-social.html]
[shreethemes.in/techwind/dashboard/profile-notification.html]
[shreethemes.in/techwind/dashboard/profile-setting.html]
[shreethemes.in/techwind/dashboard/assets/images/blog/01.jpg]
[shreethemes.in/techwind/dashboard/assets/images/blog/02.jpg]
[shreethemes.in/techwind/dashboard/assets/images/blog/03.jpg]
[shreethemes.in/techwind/dashboard/assets/images/blog/04.jpg]
[shreethemes.in/techwind/dashboard/assets/images/blog/05.jpg]
[shreethemes.in/techwind/dashboard/assets/images/blog/06.jpg]
[shreethemes.in/techwind/dashboard/assets/images/blog/07.jpg]
[shreethemes.in/techwind/dashboard/assets/images/blog/08.jpg]
[shreethemes.in/techwind/dashboard/blog.html]
[shreethemes.in/techwind/dashboard/assets/images/client/02.jpg]
[shreethemes.in/techwind/dashboard/blog-detail.html]
[shreethemes.in/techwind/dashboard/assets/images/shop/items/s4.jpg]
[shreethemes.in/techwind/dashboard/assets/images/shop/items/s5.jpg]
[shreethemes.in/techwind/dashboard/assets/images/shop/items/s6.jpg]
[shreethemes.in/techwind/dashboard/assets/images/shop/items/s7.jpg]
[shreethemes.in/techwind/dashboard/assets/images/shop/items/s8.jpg]
[shreethemes.in/techwind/dashboard/assets/images/shop/items/s13.jpg]
[shreethemes.in/techwind/dashboard/shop.html]
[shreethemes.in/techwind/dashboard/assets/images/shop/items/s14.jpg]
[shreethemes.in/techwind/dashboard/assets/libs/tiny-slider/tiny-slider.css]
[shreethemes.in/techwind/dashboard/assets/images/shop/single/single-2.jpg]
[shreethemes.in/techwind/dashboard/assets/images/shop/single/single-3.jpg]
[shreethemes.in/techwind/dashboard/assets/images/shop/single/single-4.jpg]
[shreethemes.in/techwind/dashboard/assets/images/shop/single/single-5.jpg]
[shreethemes.in/techwind/dashboard/assets/images/shop/single/single-6.jpg]
[shreethemes.in/techwind/dashboard/shop-item-detail.html]
[shreethemes.in/techwind/dashboard/assets/libs/tiny-slider/min/tiny-slider.js]
[shreethemes.in/techwind/dashboard/shop-cart.html]
[shreethemes.in/techwind/dashboard/checkout.html]
[shreethemes.in/techwind/dashboard/assets/images/portfolio/7.jpg]
[shreethemes.in/techwind/dashboard/assets/images/portfolio/8.jpg]
[shreethemes.in/techwind/dashboard/assets/images/portfolio/20.jpg]
[shreethemes.in/techwind/dashboard/assets/images/portfolio/21.jpg]
[shreethemes.in/techwind/dashboard/assets/images/portfolio/9.jpg]
[shreethemes.in/techwind/dashboard/assets/images/portfolio/22.jpg]
[shreethemes.in/techwind/dashboard/assets/images/portfolio/23.jpg]
[shreethemes.in/techwind/dashboard/gallery-one.html]
[shreethemes.in/techwind/dashboard/assets/libs/shufflejs/shuffle.min.js]
[shreethemes.in/techwind/dashboard/gallery-two.html]
[shreethemes.in/techwind/dashboard/starter.html]
[shreethemes.in/techwind/dashboard/faqs.html]
[shreethemes.in/techwind/dashboard/pricing.html]
[shreethemes.in/techwind/dashboard/team.html]
[shreethemes.in/techwind/dashboard/privacy.html]
[shreethemes.in/techwind/dashboard/terms.html]
[shreethemes.in/techwind/dashboard/assets/libs/gumshoejs/gumshoe.polyfills.min.js]
[shreethemes.in/techwind/dashboard/ui-components.html]
[shreethemes.in/techwind/dashboard/email-confirmation.html]
[shreethemes.in/techwind/dashboard/email-password-reset.html]
[shreethemes.in/techwind/dashboard/email-alert.html]
[shreethemes.in/techwind/dashboard/email-invoices.html]
[shreethemes.in/techwind/dashboard/invoice-list.html]
[shreethemes.in/techwind/dashboard/invoice.html]
[shreethemes.in/techwind/dashboard/assets/images/logo-icon-64.png]
[shreethemes.in/techwind/dashboard/auth-login.html]
[shreethemes.in/techwind/dashboard/auth-signup.html]
[shreethemes.in/techwind/dashboard/auth-signup-success.html]
[shreethemes.in/techwind/dashboard/auth-re-password.html]
[shreethemes.in/techwind/dashboard/auth-lock-screen.html]
[shreethemes.in/techwind/dashboard/comingsoon.html]
[shreethemes.in/techwind/dashboard/maintenance.html]
[shreethemes.in/techwind/dashboard/error.html]
[shreethemes.in/techwind/dashboard/thankyou.html]
[shreethemes.in/techwind/dashboard/lock-screen.html]
[shreethemes.in/techwind/dashboard/login.html]
[shreethemes.in/assets/images/bg-chat.html]
[shreethemes.in/techwind/dashboard/assets/libs/@iconscout/unicons/fonts/line/unicons-0.svg]
[shreethemes.in/techwind/dashboard/assets/libs/@iconscout/unicons/fonts/line/unicons-1.svg]
[shreethemes.in/techwind/dashboard/assets/libs/@iconscout/unicons/fonts/line/unicons-10.svg]
[shreethemes.in/techwind/dashboard/assets/libs/@iconscout/unicons/fonts/line/unicons-11.svg]
[shreethemes.in/techwind/dashboard/assets/libs/@iconscout/unicons/fonts/line/unicons-12.svg]
[shreethemes.in/techwind/dashboard/assets/libs/@iconscout/unicons/fonts/line/unicons-13.svg]
[shreethemes.in/techwind/dashboard/assets/libs/@iconscout/unicons/fonts/line/unicons-14.svg]
[shreethemes.in/techwind/dashboard/assets/libs/@iconscout/unicons/fonts/line/unicons-15.svg]
[shreethemes.in/techwind/dashboard/assets/libs/@iconscout/unicons/fonts/line/unicons-16.svg]
[shreethemes.in/techwind/dashboard/assets/libs/@iconscout/unicons/fonts/line/unicons-17.svg]
[shreethemes.in/techwind/dashboard/assets/libs/@iconscout/unicons/fonts/line/unicons-18.svg]
[shreethemes.in/techwind/dashboard/assets/libs/@iconscout/unicons/fonts/line/unicons-19.svg]
[shreethemes.in/techwind/dashboard/assets/libs/@iconscout/unicons/fonts/line/unicons-2.svg]
[shreethemes.in/techwind/dashboard/assets/libs/@iconscout/unicons/fonts/line/unicons-20.svg]
[shreethemes.in/techwind/dashboard/assets/libs/@iconscout/unicons/fonts/line/unicons-3.svg]
[shreethemes.in/techwind/dashboard/assets/libs/@iconscout/unicons/fonts/line/unicons-4.svg]
[shreethemes.in/techwind/dashboard/assets/libs/@iconscout/unicons/fonts/line/unicons-5.svg]
[shreethemes.in/techwind/dashboard/assets/libs/@iconscout/unicons/fonts/line/unicons-6.svg]
[shreethemes.in/techwind/dashboard/assets/libs/@iconscout/unicons/fonts/line/unicons-7.svg]
[shreethemes.in/techwind/dashboard/assets/libs/@iconscout/unicons/fonts/line/unicons-8.svg]
[shreethemes.in/techwind/dashboard/assets/libs/@iconscout/unicons/fonts/line/unicons-9.svg]
[shreethemes.in/techwind/dashboard/assets/libs/fullcalendar/main.min.css]
[shreethemes.in/techwind/dashboard/assets/libs/tobii/css/tobii.min.css]
[shreethemes.in/techwind/dashboard/portfolio-detail-three.html]
[shreethemes.in/techwind/dashboard/assets/libs/tiny-slider/tiny-slider.css]
[shreethemes.in/assets/images/shop/items/s1.html]
[shreethemes.in/assets/images/shop/items/s2.html]
[shreethemes.in/assets/images/shop/items/s3.html]
[shreethemes.in/techwind/dashboard/page-terms.html]
[shreethemes.in/techwind/dashboard/assets/images/contact.svg]
[shreethemes.in/assets/images/utility.html]
[shreethemes.in/techwind/dashboard/assets/images/error.html]
