[htmldemo.net/boloba/boloba/index-2.html]
[backblue.gif]
[fade.gif]
[index.html]
[htmldemo.net/boloba/boloba/assets/img/favicon.ico]
[htmldemo.net/boloba/boloba/assets/css/bootstrap.min.css]
[htmldemo.net/boloba/boloba/assets/css/animate.css]
[htmldemo.net/boloba/boloba/assets/css/jquery-ui.min.css]
[htmldemo.net/boloba/boloba/assets/css/meanmenu.min.css]
[htmldemo.net/boloba/boloba/assets/css/owl.carousel.css]
[htmldemo.net/boloba/boloba/assets/lib/css/nivo-slider.css]
[htmldemo.net/boloba/boloba/assets/lib/css/preview.css]
[htmldemo.net/boloba/boloba/assets/css/font-awesome.min.css]
[htmldemo.net/boloba/boloba/assets/css/style.css]
[htmldemo.net/boloba/boloba/assets/css/responsive.css]
[htmldemo.net/boloba/boloba/assets/js/vendor/modernizr-3.11.2.min.js]
[htmldemo.net/boloba/boloba/index.html]
[htmldemo.net/boloba/boloba/assets/img/logo/logo.png]
[htmldemo.net/boloba/boloba/assets/img/cart/icon-cart.png]
[htmldemo.net/boloba/boloba/assets/img/product/18.png]
[htmldemo.net/boloba/boloba/assets/img/gif/remove.gif]
[htmldemo.net/boloba/boloba/assets/img/product/19.png]
[htmldemo.net/boloba/boloba/shop.html]
[htmldemo.net/boloba/boloba/shop-list.html]
[htmldemo.net/boloba/boloba/blog.html]
[htmldemo.net/boloba/boloba/blog-details.html]
[htmldemo.net/boloba/boloba/single-product.html]
[htmldemo.net/boloba/boloba/wishlist.html]
[htmldemo.net/boloba/boloba/checkout.html]
[htmldemo.net/boloba/boloba/shopping-cart.html]
[htmldemo.net/boloba/boloba/my-account.html]
[htmldemo.net/boloba/boloba/contact-us.html]
[htmldemo.net/boloba/boloba/assets/img/slider/bg-slider-home2.jpg]
[htmldemo.net/boloba/boloba/assets/img/slider/bg-slider2-home2.jpg]
[htmldemo.net/boloba/boloba/assets/img/slider/home2-slider-caption1.png]
[htmldemo.net/boloba/boloba/assets/img/slider/home-2-slider-caption2.png]
[htmldemo.net/boloba/boloba/assets/img/banner/home2-banner1.jpg]
[htmldemo.net/boloba/boloba/assets/img/banner/home2-banner2.jpg]
[htmldemo.net/boloba/boloba/assets/img/product/11.png]
[htmldemo.net/boloba/boloba/assets/img/rating/rating.png]
[htmldemo.net/boloba/boloba/assets/img/product/10.png]
[htmldemo.net/boloba/boloba/assets/img/product/17.png]
[htmldemo.net/boloba/boloba/assets/img/product/24.png]
[htmldemo.net/boloba/boloba/assets/img/product/16.png]
[htmldemo.net/boloba/boloba/assets/img/product/1.png]
[htmldemo.net/boloba/boloba/assets/img/product/15.png]
[htmldemo.net/boloba/boloba/assets/img/product/6.png]
[htmldemo.net/boloba/boloba/assets/img/product/21.png]
[htmldemo.net/boloba/boloba/assets/img/product/14.png]
[htmldemo.net/boloba/boloba/assets/img/product/13.png]
[htmldemo.net/boloba/boloba/assets/img/product/12.png]
[htmldemo.net/boloba/boloba/assets/img/product/5.png]
[htmldemo.net/boloba/boloba/assets/img/product/7.png]
[htmldemo.net/boloba/boloba/assets/img/product/3.png]
[htmldemo.net/boloba/boloba/assets/img/product/8.png]
[htmldemo.net/boloba/boloba/assets/img/product/2.png]
[htmldemo.net/boloba/boloba/assets/img/banner/banner2.jpg]
[htmldemo.net/boloba/boloba/assets/img/banner/banner3.jpg]
[htmldemo.net/boloba/boloba/assets/img/brand/1.png]
[htmldemo.net/boloba/boloba/assets/img/recent-post/1.jpg]
[htmldemo.net/boloba/boloba/assets/img/recent-post/2.jpg]
[htmldemo.net/boloba/boloba/assets/img/recent-post/3.jpg]
[htmldemo.net/boloba/boloba/assets/img/recent-post/4.jpg]
[htmldemo.net/boloba/boloba/assets/img/payment.png]
[htmldemo.net/boloba/boloba/assets/js/vendor/jquery-migrate-3.3.2.min.js]
[htmldemo.net/boloba/boloba/assets/js/vendor/bootstrap.bundle.min.js]
[htmldemo.net/boloba/boloba/assets/js/vendor/jquery-3.6.0.min.js]
[htmldemo.net/boloba/boloba/assets/lib/home.js]
[htmldemo.net/boloba/boloba/assets/js/owl.carousel.min.js]
[htmldemo.net/boloba/boloba/assets/js/jquery.meanmenu.js]
[htmldemo.net/boloba/boloba/assets/js/jquery-ui.min.js]
[htmldemo.net/boloba/boloba/assets/js/jquery.elevateZoom-3.0.8.min.js]
[htmldemo.net/boloba/boloba/assets/lib/js/jquery.nivo.slider.js]
[htmldemo.net/boloba/boloba/assets/js/wow.min.js]
[htmldemo.net/boloba/boloba/assets/js/plugins.js]
[htmldemo.net/boloba/boloba/index-2.html]
[htmldemo.net/boloba/boloba/assets/css/bootstrap.min.css]
[htmldemo.net/boloba/boloba/assets/css/animate.css]
[htmldemo.net/boloba/boloba/assets/js/main.js]
[htmldemo.net/boloba/boloba/assets/css/images/ui-bg_inset-hard_100_fcfdfd_1x100.png]
[htmldemo.net/boloba/boloba/assets/css/images/ui-bg_gloss-wave_55_5c9ccc_500x100.png]
[htmldemo.net/boloba/boloba/assets/css/images/ui-bg_glass_85_dfeffc_1x400.png]
[htmldemo.net/boloba/boloba/assets/css/images/ui-bg_glass_75_d0e5f5_1x400.png]
[htmldemo.net/boloba/boloba/assets/css/images/ui-bg_inset-hard_100_f5f8f9_1x100.png]
[htmldemo.net/boloba/boloba/assets/css/images/ui-bg_glass_95_fef1ec_1x400.png]
[htmldemo.net/boloba/boloba/assets/css/images/ui-icons_469bdd_256x240.png]
[htmldemo.net/boloba/boloba/assets/css/images/ui-icons_d8e7f3_256x240.png]
[htmldemo.net/boloba/boloba/assets/css/images/ui-icons_6da8d5_256x240.png]
[htmldemo.net/boloba/boloba/assets/css/images/ui-icons_217bc0_256x240.png]
[htmldemo.net/boloba/boloba/assets/css/images/ui-icons_f9bd01_256x240.png]
[htmldemo.net/boloba/boloba/assets/css/images/ui-icons_2e83ff_256x240.png]
[htmldemo.net/boloba/boloba/assets/css/images/ui-icons_cd0a0a_256x240.png]
[htmldemo.net/boloba/boloba/assets/css/jquery-ui.min.css]
[htmldemo.net/boloba/boloba/assets/css/meanmenu.min.css]
[htmldemo.net/boloba/boloba/assets/css/AjaxLoader.gif]
[htmldemo.net/boloba/boloba/assets/css/owl.carousel.css]
[htmldemo.net/boloba/boloba/assets/lib/css/nivo-slider.css]
[htmldemo.net/boloba/boloba/assets/lib/img/loading.gif]
[htmldemo.net/boloba/boloba/assets/lib/img/bullets.png]
[htmldemo.net/boloba/boloba/assets/lib/img/arrows.png]
[htmldemo.net/boloba/boloba/assets/lib/css/preview.css]
[htmldemo.net/boloba/boloba/assets/fonts/fontawesome-webfontd41d.eot]
[htmldemo.net/boloba/boloba/assets/fonts/fontawesome-webfont3295.woff2]
[htmldemo.net/boloba/boloba/assets/fonts/fontawesome-webfont3295.woff]
[htmldemo.net/boloba/boloba/assets/fonts/fontawesome-webfont3295.ttf]
[htmldemo.net/boloba/boloba/assets/fonts/fontawesome-webfont3295.eot]
[htmldemo.net/boloba/boloba/assets/css/font-awesome.min.css]
[htmldemo.net/boloba/boloba/assets/img/cart/btn_remove.png]
[htmldemo.net/boloba/boloba/assets/css/style.css]
[htmldemo.net/boloba/boloba/assets/css/responsive.css]
[htmldemo.net/boloba/boloba/assets/img/slider/bg-slider-home1.jpg]
[htmldemo.net/boloba/boloba/assets/img/slider/slider-caption1.png]
[htmldemo.net/boloba/boloba/assets/img/slider/slider-caption2.png]
[htmldemo.net/boloba/boloba/assets/img/banner/banner1.jpg]
[htmldemo.net/boloba/boloba/index.html]
[htmldemo.net/boloba/boloba/assets/img/banner/shop-page-banner.png]
[htmldemo.net/boloba/boloba/assets/img/product/4.png]
[htmldemo.net/boloba/boloba/assets/img/product/9.png]
[htmldemo.net/boloba/boloba/shop.html]
[htmldemo.net/boloba/boloba/shop-list.html]
[htmldemo.net/boloba/boloba/assets/img/blog/1.jpg]
[htmldemo.net/boloba/boloba/assets/img/blog/2.jpg]
[htmldemo.net/boloba/boloba/assets/img/blog/3.jpg]
[htmldemo.net/boloba/boloba/assets/img/blog/4.jpg]
[htmldemo.net/boloba/boloba/blog.html]
[htmldemo.net/boloba/boloba/assets/fonts/fontawesome-webfont3295.svg]
[htmldemo.net/boloba/boloba/assets/img/blog-details/1.jpg]
[htmldemo.net/boloba/boloba/assets/img/avatar.png]
[htmldemo.net/boloba/boloba/assets/img/blog/selim.jpg]
[htmldemo.net/boloba/boloba/assets/img/blog/rony.jpg]
[htmldemo.net/boloba/boloba/blog-details.html]
[htmldemo.net/boloba/boloba/single-product.html]
[htmldemo.net/boloba/boloba/assets/img/wishlist/1.png]
[htmldemo.net/boloba/boloba/assets/img/wishlist/2.png]
[htmldemo.net/boloba/boloba/wishlist.html]
[htmldemo.net/boloba/boloba/checkout.html]
[htmldemo.net/boloba/boloba/assets/img/cart/1.png]
[htmldemo.net/boloba/boloba/shopping-cart.html]
[htmldemo.net/boloba/boloba/assets/img/cart/2.png]
[htmldemo.net/boloba/boloba/my-account.html]
[htmldemo.net/boloba/boloba/contact-us.html]
[htmldemo.net/boloba/boloba/assets/css/images/ui-bg_inset-hard_100_fcfdfd_1x100.html]
[htmldemo.net/boloba/boloba/assets/css/images/ui-bg_gloss-wave_55_5c9ccc_500x100.html]
[htmldemo.net/boloba/boloba/assets/css/images/ui-bg_glass_85_dfeffc_1x400.html]
[htmldemo.net/boloba/boloba/assets/css/images/ui-bg_glass_75_d0e5f5_1x400.html]
[htmldemo.net/boloba/boloba/assets/css/images/ui-bg_inset-hard_100_f5f8f9_1x100.html]
[htmldemo.net/boloba/boloba/assets/css/images/ui-bg_glass_95_fef1ec_1x400.html]
[htmldemo.net/boloba/boloba/assets/css/images/ui-icons_469bdd_256x240.html]
[htmldemo.net/boloba/boloba/assets/css/images/ui-icons_d8e7f3_256x240.html]
[htmldemo.net/boloba/boloba/assets/css/images/ui-icons_6da8d5_256x240.html]
[htmldemo.net/boloba/boloba/assets/css/images/ui-icons_217bc0_256x240.html]
[htmldemo.net/boloba/boloba/assets/css/images/ui-icons_f9bd01_256x240.html]
[htmldemo.net/boloba/boloba/assets/css/images/ui-icons_2e83ff_256x240.html]
[htmldemo.net/boloba/boloba/assets/css/images/ui-icons_cd0a0a_256x240.html]
[htmldemo.net/boloba/boloba/assets/css/AjaxLoader.html]
[htmldemo.net/boloba/boloba/assets/fonts/fontawesome-webfont3295.svg]
